
> sowan-app@0.1.0 build
> next build

Ôû▓ Next.js 16.1.6 (Turbopack)

  Creating an optimized production build ...
node.exe : Error: 
Can't resolve 'tailwi
ndcss-animate' in 
'D:\AT Kuliah\All of 
Lomba Business Plan 
Eureca\sowan-app\app'
At line:1 char:1
+ & "C:\Program Files
\nodejs/node.exe" "C:
\Users\ASUS\AppData\R
oaming\n ...
+ ~~~~~~~~~~~~~~~~~~~
~~~~~~~~~~~~~~~~~~~~~
~~~~~~~~~~~~~~~~~~~~~
~~~~~~~~
    + CategoryInfo   
           : NotSpe  
  cified: (Error:    
 Can't re...\sowa    
n-app\app':Strin    
g) [], RemoteExc    
eption
    + FullyQualified 
   ErrorId : Native  
  CommandError
 
    [2m[at 
finishWithoutResolve 
(D:\AT Kuliah\All of 
Lomba Business Plan E
ureca\sowan-app\node_
modules\enhanced-reso
lve\lib\Resolver.js:5
86:18)][0m
    [2m[at D:\AT 
Kuliah\All of Lomba 
Business Plan Eureca\
sowan-app\node_module
s\enhanced-resolve\li
b\Resolver.js:678:14]
[0m
    [2m[at D:\AT 
Kuliah\All of Lomba 
Business Plan Eureca\
sowan-app\node_module
s\enhanced-resolve\li
b\Resolver.js:739:5]
[0m
    [2m[at eval 
(eval at create 
(D:\AT Kuliah\All of 
Lomba Business Plan E
ureca\sowan-app\node_
modules\tapable\lib\H
ookCodeFactory.js:31:
10), <anonymous>:15:1
)][0m
    [2m[at D:\AT 
Kuliah\All of Lomba 
Business Plan Eureca\
sowan-app\node_module
s\enhanced-resolve\li
b\Resolver.js:739:5]
[0m
    [2m[at eval 
(eval at create 
(D:\AT Kuliah\All of 
Lomba Business Plan E
ureca\sowan-app\node_
modules\tapable\lib\H
ookCodeFactory.js:31:
10), <anonymous>:27:1
)][0m
    [2m[at D:\AT 
Kuliah\All of Lomba 
Business Plan Eureca\
sowan-app\node_module
s\enhanced-resolve\li
b\DescriptionFilePlug
in.js:89:43][0m
    [2m[at D:\AT 
Kuliah\All of Lomba 
Business Plan Eureca\
sowan-app\node_module
s\enhanced-resolve\li
b\Resolver.js:739:5]
[0m
    [2m[at eval 
(eval at create 
(D:\AT Kuliah\All of 
Lomba Business Plan E
ureca\sowan-app\node_
modules\tapable\lib\H
ookCodeFactory.js:31:
10), <anonymous>:15:1
)][0m
    [2m[at D:\AT 
Kuliah\All of Lomba 
Business Plan Eureca\
sowan-app\node_module
s\enhanced-resolve\li
b\Resolver.js:739:5]
[0m {
  details: "resolve '
tailwindcss-animate' 
in 'D:\\AT 
Kuliah\\All of Lomba 
Business Plan Eureca\
\sowan-app\\app'\n" +
    '  Parsed 
request is a 
module\n' +
    '  using 
description file: 
D:\\AT Kuliah\\All 
of Lomba Business 
Plan Eureca\\sowan-ap
p\\package.json 
(relative path: 
./app)\n' +
    '    resolve as 
module\n' +
    "      D:\\AT 
Kuliah\\All of Lomba 
Business Plan Eureca\
\sowan-app\\app\\node
_modules doesn't 
exist or is not a 
directory\n" +
    '      looking 
for modules in 
D:\\AT Kuliah\\All 
of Lomba Business 
Plan Eureca\\sowan-ap
p\\node_modules\n' +
    '        single 
file module\n' +
    '          using 
description file: 
D:\\AT Kuliah\\All 
of Lomba Business 
Plan Eureca\\sowan-ap
p\\package.json 
(relative path: ./nod
e_modules/tailwindcss
-animate)\n' +
    '            no 
extension\n' +
    "              
D:\\AT Kuliah\\All 
of Lomba Business 
Plan Eureca\\sowan-ap
p\\node_modules\\tail
windcss-animate 
doesn't exist\n" +
    '            
.js\n' +
    "              
D:\\AT Kuliah\\All 
of Lomba Business 
Plan Eureca\\sowan-ap
p\\node_modules\\tail
windcss-animate.js 
doesn't exist\n" +
    '            
.json\n' +
    "              
D:\\AT Kuliah\\All 
of Lomba Business 
Plan Eureca\\sowan-ap
p\\node_modules\\tail
windcss-animate.json 
doesn't exist\n" +
    '            
.node\n' +
    "              
D:\\AT Kuliah\\All 
of Lomba Business 
Plan Eureca\\sowan-ap
p\\node_modules\\tail
windcss-animate.node 
doesn't exist\n" +
    '            
.ts\n' +
    "              
D:\\AT Kuliah\\All 
of Lomba Business 
Plan Eureca\\sowan-ap
p\\node_modules\\tail
windcss-animate.ts 
doesn't exist\n" +
    "        D:\\AT 
Kuliah\\All of Lomba 
Business Plan Eureca\
\sowan-app\\node_modu
les\\tailwindcss-anim
ate doesn't exist\n" 
+
    "      D:\\AT 
Kuliah\\All of Lomba 
Business Plan 
Eureca\\node_modules 
doesn't exist or is 
not a directory\n" +
    "      D:\\AT 
Kuliah\\node_modules 
doesn't exist or is 
not a directory\n" +
    "      
D:\\node_modules 
doesn't exist or is 
not a directory"
}

> Build error 
occurred
Error: Turbopack 
build failed with 1 
errors:
./app/globals.css
Error evaluating 
Node.js code
CssSyntaxError: 
tailwindcss: D:\AT 
Kuliah\All of Lomba 
Business Plan Eureca\
sowan-app\app\globals
.css:1:1: Can't 
resolve 'tailwindcss-
animate' in 'D:\AT 
Kuliah\All of Lomba 
Business Plan 
Eureca\sowan-app\app'
    at Input.error (n
ode_modules/postcss/l
ib/input.js:135:16) 
[D:\AT Kuliah\All of 
Lomba Business Plan E
ureca\sowan-app\.next
\build\chunks\node_mo
dules_fe693df6._.js:4
651:22]
    at Root.error (no
de_modules/postcss/li
b/node.js:146:32) 
[D:\AT Kuliah\All of 
Lomba Business Plan E
ureca\sowan-app\.next
\build\chunks\node_mo
dules_fe693df6._.js:9
28:38]
    [at Object.Once 
(D:\AT Kuliah\All of 
Lomba Business Plan E
ureca\sowan-app\node_
modules\@tailwindcss\
postcss\dist\index.js
:10:6913)]
    at async 
LazyResult.runAsync (
node_modules/postcss/
lib/lazy-result.js:29
3:11) [D:\AT 
Kuliah\All of Lomba 
Business Plan Eureca\
sowan-app\.next\build
\chunks\node_modules_
fe693df6._.js:6206:21
]
    at async 
transform (turbopack:
///[turbopack-node]/t
ransforms/postcss.ts:
70:34) [D:\AT 
Kuliah\All of Lomba 
Business Plan Eureca\
sowan-app\.next\build
\chunks\[root-of-the-
server]__51225daf._.j
s:146:36]
    at async run (tur
bopack:///[turbopack-
node]/ipc/evaluate.ts
:92:23) [D:\AT 
Kuliah\All of Lomba 
Business Plan Eureca\
sowan-app\.next\build
\chunks\[root-of-the-
server]__974941ed._.j
s:443:31]

Import trace:
  Client Component 
Browser:
    
./app/globals.css 
[Client Component 
Browser]
    ./app/layout.tsx 
[Server Component]


    at async 
transform (turbopack:
///[turbopack-node]/t
ransforms/postcss.ts:
70:34) [D:\AT 
Kuliah\All of Lomba 
Business Plan Eureca\
sowan-app\.next\build
\chunks\[root-of-the-
server]__51225daf._.j
s:146:36])
    at async run (tur
bopack:///[turbopack-
node]/ipc/evaluate.ts
:92:23) [D:\AT 
Kuliah\All of Lomba 
Business Plan Eureca\
sowan-app\.next\build
\chunks\[root-of-the-
server]__974941ed._.j
s:443:31])
